// Jest Snapshot v1, https://goo.gl/fbAQLP

exports[`Button it renders correct props 1`] = `
<button
  className="hxBtn hxPrimary  new-class btn-wide"
  disabled={false}
  onClick={[MockFunction]}
  type="button"
>
  <span>
    Click Me!
  </span>
</button>
`;
