// Jest Snapshot v1, https://goo.gl/fbAQLP

exports[`Submit it renders correct props 1`] = `
<button
  className="hxBtn submit-btn hxPrimary"
  disabled={false}
  type="submit"
>
  Submit!
</button>
`;
