// Jest Snapshot v1, https://goo.gl/fbAQLP

exports[`Checkbox renders with appropriate props 1`] = `
<hx-checkbox-control>
  <input
    id="option-1"
    onChange={[MockFunction]}
    type="checkbox"
  />
  <label
    className="disallow-user-select"
    htmlFor="option-1"
  >
    <hx-checkbox>
       
    </hx-checkbox>
    Select Me
  </label>
</hx-checkbox-control>
`;
