// Jest Snapshot v1, https://goo.gl/fbAQLP

exports[`SignUpForm it renders 1`] = `
<div
  className="SignUp-form"
>
  <form
    onSubmit={[Function]}
  >
    <div
      className="InputField-content"
    >
      <h2>
        User Information
      </h2>
      <div
        className="user-info-section"
      >
        <div
          className="hxRow"
        >
          <div
            className="hxCol hxSpan-6"
          >
            <div
              className="InputField"
            >
              <hx-text-control>
                <input
                  autoComplete="on"
                  className="hxTextCtrl"
                  name="userInfo.firstName"
                  onBlur={[Function]}
                  onChange={[Function]}
                  onDragStart={[Function]}
                  onDrop={[Function]}
                  onFocus={[Function]}
                  required={true}
                  type="text"
                  value=""
                />
                <label
                  htmlFor="userInfo.firstName"
                >
                  <span
                    className="InputField-label"
                  >
                    First Name
                  </span>
                </label>
              </hx-text-control>
            </div>
          </div>
          <div
            className="hxCol hxSpan-6"
          >
            <div
              className="InputField"
            >
              <hx-text-control>
                <input
                  autoComplete="on"
                  className="hxTextCtrl"
                  name="userInfo.lastName"
                  onBlur={[Function]}
                  onChange={[Function]}
                  onDragStart={[Function]}
                  onDrop={[Function]}
                  onFocus={[Function]}
                  required={true}
                  type="text"
                  value=""
                />
                <label
                  htmlFor="userInfo.lastName"
                >
                  <span
                    className="InputField-label"
                  >
                    Last Name
                  </span>
                </label>
              </hx-text-control>
            </div>
          </div>
        </div>
        <div
          className="hxCol hxSpan-12"
        >
          <div
            className="InputField"
          >
            <hx-text-control>
              <input
                autoComplete="on"
                className="hxTextCtrl"
                name="userInfo.email"
                onBlur={[Function]}
                onChange={[Function]}
                onDragStart={[Function]}
                onDrop={[Function]}
                onFocus={[Function]}
                required={true}
                type="text"
                value=""
              />
              <label
                htmlFor="userInfo.email"
              >
                <span
                  className="InputField-label"
                >
                  Email Address
                </span>
              </label>
            </hx-text-control>
          </div>
        </div>
        <div
          className="hxCol hxSpan-12"
        >
          <div
            className="InputField"
          >
            <hx-text-control>
              <input
                autoComplete="on"
                className="hxTextCtrl"
                name="userInfo.username"
                onBlur={[Function]}
                onChange={[Function]}
                onDragStart={[Function]}
                onDrop={[Function]}
                onFocus={[Function]}
                required={true}
                type="text"
                value=""
              />
              <label
                htmlFor="userInfo.username"
              >
                <span
                  className="InputField-label"
                >
                  Create Username
                </span>
              </label>
            </hx-text-control>
          </div>
        </div>
        <div
          className="hxCol hxSpan-12"
        >
          <div
            className="InputField"
          >
            <hx-text-control
              class=""
            >
              <input
                autoComplete="new-password"
                className="hxTextCtrl"
                name="userInfo.password"
                onBlur={[Function]}
                onChange={[Function]}
                onDragStart={[Function]}
                onDrop={[Function]}
                onFocus={[Function]}
                required={true}
                type="password"
                value=""
              />
              <label
                htmlFor="userInfo.password"
              >
                <span
                  className="InputField-label"
                >
                  Create Password
                </span>
                 
                <div
                  className="tooltip"
                >
                  <hx-icon
                    id="userInfo.password-tooltip"
                    type="help-circle"
                  />
                  <hx-tooltip
                    for="userInfo.password-tooltip"
                    position="right-middle"
                  >
                    Password must contain at least one uppercase letter, one numeric digit, and one special character.
                    <br />
                     
                    <br />
                    Special characters can be any of the following: 
                    <br />
                     
                    <code
                      className="help-block"
                    >
                      @ $ ! % * # ? &
                    </code>
                  </hx-tooltip>
                </div>
              </label>
              <button
                className="hxBtn hxSuffix hxSecondary"
                disabled={false}
                onClick={[Function]}
                type="button"
              >
                Show
              </button>
            </hx-text-control>
          </div>
        </div>
        <div
          className="hxCol hxSpan-12"
        >
          <div
            className="InputField"
          >
            <hx-text-control
              class=""
            >
              <input
                autoComplete="new-password"
                className="hxTextCtrl"
                name="userInfo.passwordValidate"
                onBlur={[Function]}
                onChange={[Function]}
                onDragStart={[Function]}
                onDrop={[Function]}
                onFocus={[Function]}
                required={true}
                type="password"
                value=""
              />
              <label
                htmlFor="userInfo.passwordValidate"
              >
                <span
                  className="InputField-label"
                >
                  Confirm Password
                </span>
                 
              </label>
              <button
                className="hxBtn hxSuffix hxSecondary"
                disabled={false}
                onClick={[Function]}
                type="button"
              >
                Show
              </button>
            </hx-text-control>
          </div>
        </div>
      </div>
      <div
        className="account-role-section"
      >
        <div
          className="popover"
        >
          <div
            className="hxRow"
          >
            <div
              className="hxCol hxSpan-4"
            >
              <span
                className="InputField-label role"
              >
                Account Role
                :
              </span>
            </div>
            <div
              className="hxCol hxSpan-4 role"
            >
              Aviator
            </div>
            <div
              className="hxCol hxSpan-4"
            >
              <hx-disclosure
                aria-controls="role-popover"
                class="hxBtn hxPrimary"
              >
                <hx-icon
                  type="pencil"
                />
              </hx-disclosure>
              <hx-popover
                id="role-popover"
                open={null}
                position="right-middle"
              >
                <header>
                   
                  Choose Account Role
                </header>
                <hx-div>
                  <hx-select-control>
                    <select
                      id="role-select-popover"
                      onChange={[Function]}
                    >
                      <option
                        value="aviator"
                      >
                        Aviator
                      </option>
                      <option
                        value="navigator"
                      >
                        Navigator
                      </option>
                      <option
                        value="serviceBlocks"
                      >
                        Service Blocks
                      </option>
                    </select>
                    <hx-select />
                    <label
                      htmlFor="role-select-popover"
                    >
                      Select Role
                    </label>
                  </hx-select-control>
                </hx-div>
              </hx-popover>
            </div>
          </div>
        </div>
      </div>
      <hr />
      <h2>
        Address
      </h2>
      <div
        className="address-section"
      >
        <div
          className="InputField"
        >
          <hx-text-control>
            <input
              autoComplete="on"
              className="hxTextCtrl"
              name="address.city"
              onBlur={[Function]}
              onChange={[Function]}
              onDragStart={[Function]}
              onDrop={[Function]}
              onFocus={[Function]}
              required={true}
              type="text"
              value=""
            />
            <label
              htmlFor="address.city"
            >
              <span
                className="InputField-label"
              >
                City
              </span>
            </label>
          </hx-text-control>
        </div>
        <div
          className="InputField"
        >
          <hx-text-control>
            <input
              autoComplete="on"
              className="hxTextCtrl"
              name="address.state"
              onBlur={[Function]}
              onChange={[Function]}
              onDragStart={[Function]}
              onDrop={[Function]}
              onFocus={[Function]}
              required={true}
              type="text"
              value=""
            />
            <label
              htmlFor="address.state"
            >
              <span
                className="InputField-label"
              >
                State
              </span>
            </label>
          </hx-text-control>
        </div>
        <div
          className="InputField"
        >
          <hx-text-control>
            <input
              autoComplete="on"
              className="hxTextCtrl"
              name="address.street"
              onBlur={[Function]}
              onChange={[Function]}
              onDragStart={[Function]}
              onDrop={[Function]}
              onFocus={[Function]}
              required={true}
              type="text"
              value=""
            />
            <label
              htmlFor="address.street"
            >
              <span
                className="InputField-label"
              >
                Street
              </span>
            </label>
          </hx-text-control>
        </div>
        <div
          className="InputField"
        >
          <hx-text-control>
            <input
              autoComplete="on"
              className="hxTextCtrl"
              name="address.zipcode"
              onBlur={[Function]}
              onChange={[Function]}
              onDragStart={[Function]}
              onDrop={[Function]}
              onFocus={[Function]}
              required={true}
              type="text"
              value=""
            />
            <label
              htmlFor="address.zipcode"
            >
              <span
                className="InputField-label"
              >
                Zipcode
              </span>
            </label>
          </hx-text-control>
        </div>
        <div
          className="InputField"
        >
          <hx-text-control>
            <input
              autoComplete="on"
              className="hxTextCtrl"
              name="address.country"
              onBlur={[Function]}
              onChange={[Function]}
              onDragStart={[Function]}
              onDrop={[Function]}
              onFocus={[Function]}
              required={true}
              type="text"
              value=""
            />
            <label
              htmlFor="address.country"
            >
              <span
                className="InputField-label"
              >
                Country
              </span>
            </label>
          </hx-text-control>
        </div>
      </div>
    </div>
    <div
      className="SignUp-buttons"
    >
      <input
        className="hxBtn submit-btn hxPrimary"
        disabled={false}
        type="submit"
        value="Submit"
      />
      <button
        className="hxBtn cancel-btn hxTertiary"
        disabled={false}
        onClick={[Function]}
        type="button"
      >
        Cancel
      </button>
    </div>
  </form>
</div>
`;
