// Jest Snapshot v1, https://goo.gl/fbAQLP

exports[`SubmissionModal it renders 1`] = `
<div
  className="submission-modal"
/>
`;
