// Jest Snapshot v1, https://goo.gl/fbAQLP

exports[`App renders 1`] = `
<div
  className="main-body u-flex-grow"
  id="stage"
  title="Rackspace Invoice Sign Up"
>
  <main
    id="jupiter-content"
  >
    <h1>
      Hello World
    </h1>
  </main>
</div>
`;
